150 runs, 6 workers
done s45_nodur/baseline/run_2  best=142.3  OGR=0.0784  api=46
done s45_nodur/baseline/run_1  best=147.85  OGR=0.1205  api=66
done s45_nodur/baseline/run_5  best=170.22  OGR=0.29  api=57
done s45_nodur/baseline/run_3  best=137.9  OGR=0.0451  api=71
done s45_nodur/no_knowledge/run_1  best=137.14  OGR=0.0393  api=53
done s45_nodur/baseline/run_4  best=145.64  OGR=0.1038  api=94
done s45_nodur/no_knowledge/run_4  best=138.85  OGR=0.0523  api=53
done s45_nodur/no_knowledge/run_5  best=160.55  OGR=0.2167  api=46
done s45_nodur/no_knowledge/run_2  best=139.7  OGR=0.0587  api=88
done s45_nodur/zero_shot/run_1  best=192.23  OGR=0.4568  api=58
done s45_nodur/no_knowledge/run_3  best=180.94  OGR=0.3713  api=106
done s45_nodur/zero_shot/run_2  best=138.57  OGR=0.0502  api=63
done s45_nodur/zero_shot/run_4  best=166.3  OGR=0.2603  api=70
done s45_nodur/zero_shot/run_5  best=217.56  OGR=0.6488  api=70
done s45_nodur/zero_shot/run_3  best=181.2  OGR=0.3732  api=86
done s45_nodur/rag_tabular/run_2  best=141.27  OGR=0.0706  api=55
done s45_nodur/rag_tabular/run_3  best=166.4  OGR=0.2611  api=54
done s45_nodur/rag_tabular/run_1  best=141.21  OGR=0.0702  api=108
done s45_nodur/rag_text/run_3  best=nan  OGR=nan  api=35
done s45_nodur/rag_tabular/run_5  best=189.92  OGR=0.4393  api=61
done s45_nodur/rag_text/run_2  best=196.33  OGR=0.4879  api=67
done s45_nodur/rag_text/run_1  best=139.03  OGR=0.0537  api=65
done s45_nodur/rag_text/run_5  best=153.83  OGR=0.1658  api=45
done s45_nodur/rag_tabular/run_4  best=137.97  OGR=0.0456  api=94
done s45_dur/baseline/run_4  best=169.95  OGR=0.2721  api=43
done s45_dur/baseline/run_3  best=152.79  OGR=0.1436  api=58
done s45_dur/baseline/run_2  best=150.42  OGR=0.1259  api=61
done s45_dur/baseline/run_1  best=147.72  OGR=0.1057  api=91
done s45_nodur/rag_text/run_4  best=141.46  OGR=0.0721  api=125
done s45_dur/baseline/run_5  best=176.95  OGR=0.3245  api=70
done s45_dur/no_knowledge/run_1  best=184.51  OGR=0.3811  api=30
done s45_dur/no_knowledge/run_2  best=186.85  OGR=0.3986  api=46
done s45_dur/no_knowledge/run_3  best=162.14  OGR=0.2136  api=46
done s45_dur/zero_shot/run_1  best=nan  OGR=nan  api=35
done s45_dur/zero_shot/run_4  best=nan  OGR=nan  api=35
done s45_dur/no_knowledge/run_4  best=153.39  OGR=0.1481  api=84
done s45_dur/zero_shot/run_2  best=230.69  OGR=0.7267  api=73
done s45_dur/zero_shot/run_5  best=274.09  OGR=1.0516  api=48
done s45_dur/no_knowledge/run_5  best=163.08  OGR=0.2207  api=90
done s45_dur/zero_shot/run_3  best=216.4  OGR=0.6198  api=68
done s45_dur/rag_tabular/run_2  best=nan  OGR=nan  api=35
done s45_dur/rag_tabular/run_4  best=nan  OGR=nan  api=35
done s45_dur/rag_text/run_1  best=168.38  OGR=0.2603  api=53
done s45_dur/rag_text/run_3  best=nan  OGR=nan  api=35
done s45_dur/rag_text/run_2  best=177.48  OGR=0.3284  api=53
done s45_dur/rag_tabular/run_1  best=197.46  OGR=0.478  api=94
done s45_dur/rag_text/run_4  best=nan  OGR=nan  api=35
done s45_dur/rag_tabular/run_5  best=219.7  OGR=0.6445  api=81
done s50_nodur/baseline/run_1  best=143.55  OGR=0.0696  api=39
done s45_dur/rag_text/run_5  best=154.92  OGR=0.1596  api=62
done s50_nodur/baseline/run_2  best=184.38  OGR=0.3738  api=65
done s50_nodur/baseline/run_4  best=155.08  OGR=0.1555  api=63
done s45_dur/rag_tabular/run_3  best=150.6  OGR=0.1272  api=141
done s50_nodur/baseline/run_5  best=145.47  OGR=0.0839  api=49
done s50_nodur/baseline/run_3  best=142.32  OGR=0.0604  api=90
done s50_nodur/no_knowledge/run_5  best=146.82  OGR=0.094  api=34
done s50_nodur/zero_shot/run_1  best=223.88  OGR=0.6681  api=42
done s50_nodur/no_knowledge/run_2  best=165.39  OGR=0.2323  api=83
done s50_nodur/no_knowledge/run_1  best=146.07  OGR=0.0884  api=105
done s50_nodur/no_knowledge/run_3  best=141.26  OGR=0.0525  api=100
done s50_nodur/zero_shot/run_4  best=nan  OGR=nan  api=35
done s50_nodur/zero_shot/run_5  best=415.29  OGR=2.0943  api=39
done s50_nodur/zero_shot/run_2  best=163.87  OGR=0.221  api=72
done s50_nodur/rag_tabular/run_1  best=nan  OGR=nan  api=35
done s50_nodur/no_knowledge/run_4  best=143.88  OGR=0.0721  api=141
done s50_nodur/rag_tabular/run_3  best=147.53  OGR=0.0992  api=52
done s50_nodur/zero_shot/run_3  best=216.38  OGR=0.6122  api=105
done s50_nodur/rag_tabular/run_4  best=146.79  OGR=0.0937  api=107
done s50_nodur/rag_tabular/run_2  best=138.49  OGR=0.0319  api=120
done s50_nodur/rag_text/run_1  best=169.48  OGR=0.2628  api=77
skip s50_dur/baseline/run_1
done s50_nodur/rag_text/run_2  best=143.42  OGR=0.0686  api=73
done s50_nodur/rag_text/run_3  best=159.35  OGR=0.1873  api=66
done s50_nodur/rag_tabular/run_5  best=176.35  OGR=0.314  api=105
done s50_dur/baseline/run_3  best=nan  OGR=nan  api=35
done s50_dur/baseline/run_2  best=155.51  OGR=0.1441  api=47
done s50_nodur/rag_text/run_4  best=150.64  OGR=0.1224  api=56
done s50_dur/baseline/run_5  best=nan  OGR=nan  api=35
done s50_dur/no_knowledge/run_4  best=nan  OGR=nan  api=35
done s50_nodur/rag_text/run_5  best=165.56  OGR=0.2336  api=76
done s50_dur/baseline/run_4  best=150.94  OGR=0.1105  api=113
done s50_dur/no_knowledge/run_2  best=147.5  OGR=0.0852  api=66
done s50_dur/zero_shot/run_1  best=nan  OGR=nan  api=35
done s50_dur/no_knowledge/run_3  best=177.26  OGR=0.3041  api=84
done s50_dur/no_knowledge/run_1  best=171.24  OGR=0.2599  api=105
done s50_dur/no_knowledge/run_5  best=155.51  OGR=0.1441  api=50
done s50_dur/zero_shot/run_4  best=nan  OGR=nan  api=35
done s50_dur/rag_tabular/run_2  best=nan  OGR=nan  api=35
done s50_dur/rag_tabular/run_1  best=216.97  OGR=0.5963  api=46
done s50_dur/rag_tabular/run_4  best=nan  OGR=nan  api=35
done s50_dur/zero_shot/run_5  best=182.52  OGR=0.3428  api=88
done s50_dur/rag_tabular/run_5  best=nan  OGR=nan  api=35
done s50_dur/rag_tabular/run_3  best=172.93  OGR=0.2723  api=60
done s50_dur/zero_shot/run_2  best=201.74  OGR=0.4843  api=121
done s50_dur/rag_text/run_1  best=nan  OGR=nan  api=35
done s50_dur/rag_text/run_4  best=nan  OGR=nan  api=35
done s50_dur/rag_text/run_5  best=232.22  OGR=0.7085  api=53
done s50_dur/rag_text/run_3  best=162.91  OGR=0.1986  api=95
done s55_nodur/baseline/run_1  best=187.15  OGR=0.2847  api=86
done s50_dur/rag_text/run_2  best=183.09  OGR=0.347  api=95
done s55_nodur/no_knowledge/run_1  best=176.03  OGR=0.2083  api=32
done s55_nodur/baseline/run_2  best=163.33  OGR=0.1212  api=61
done s55_nodur/baseline/run_4  best=182.63  OGR=0.2536  api=34
done s55_nodur/baseline/run_5  best=166.55  OGR=0.1433  api=100
done s55_nodur/no_knowledge/run_2  best=180.07  OGR=0.2361  api=65
done s55_nodur/no_knowledge/run_4  best=188.5  OGR=0.2939  api=51
done s55_nodur/zero_shot/run_1  best=nan  OGR=nan  api=35
done s55_nodur/no_knowledge/run_3  best=155.42  OGR=0.0669  api=97
done s55_nodur/no_knowledge/run_5  best=177.38  OGR=0.2176  api=46
done s55_nodur/zero_shot/run_2  best=nan  OGR=nan  api=35
done s55_nodur/zero_shot/run_5  best=450.97  OGR=2.0956  api=42
done s55_nodur/baseline/run_3  best=231.39  OGR=0.5883  api=155
done s55_nodur/rag_tabular/run_2  best=nan  OGR=nan  api=35
done s55_nodur/zero_shot/run_3  best=216.83  OGR=0.4884  api=101
done s55_nodur/zero_shot/run_4  best=210.21  OGR=0.443  api=105
done s55_nodur/rag_tabular/run_3  best=190.0  OGR=0.3042  api=72
done s55_nodur/rag_tabular/run_1  best=156.5  OGR=0.0743  api=150
done s55_nodur/rag_tabular/run_5  best=176.81  OGR=0.2137  api=80
done s55_nodur/rag_text/run_1  best=210.99  OGR=0.4483  api=65
done s50_dur/zero_shot/run_3  best=145.01  OGR=0.0669  api=390
done s55_nodur/rag_text/run_4  best=238.09  OGR=0.6343  api=40
done s55_nodur/rag_text/run_5  best=nan  OGR=nan  api=35
done s55_nodur/rag_text/run_3  best=208.33  OGR=0.4301  api=71
done s55_nodur/rag_text/run_2  best=200.04  OGR=0.3731  api=93
done s55_dur/baseline/run_1  best=187.82  OGR=0.3146  api=46
done s55_dur/baseline/run_4  best=171.77  OGR=0.2023  api=73
done s55_dur/baseline/run_2  best=162.25  OGR=0.1356  api=68
done s55_dur/baseline/run_3  best=161.74  OGR=0.1321  api=78
done s55_dur/baseline/run_5  best=164.45  OGR=0.151  api=65
done s55_dur/no_knowledge/run_1  best=173.73  OGR=0.216  api=62
done s55_dur/no_knowledge/run_2  best=169.03  OGR=0.1831  api=85
done s55_dur/no_knowledge/run_3  best=193.66  OGR=0.3555  api=53
done s55_dur/no_knowledge/run_4  best=nan  OGR=nan  api=35
done s55_dur/zero_shot/run_1  best=nan  OGR=nan  api=35
done s55_dur/zero_shot/run_2  best=nan  OGR=nan  api=35
done s55_dur/zero_shot/run_3  best=nan  OGR=nan  api=35
done s55_dur/zero_shot/run_5  best=nan  OGR=nan  api=35
done s55_dur/rag_tabular/run_1  best=nan  OGR=nan  api=35
done s55_dur/rag_tabular/run_2  best=nan  OGR=nan  api=34
done s55_dur/zero_shot/run_4  best=nan  OGR=nan  api=65
done s55_dur/rag_tabular/run_3  best=nan  OGR=nan  api=35
done s55_dur/rag_tabular/run_5  best=nan  OGR=nan  api=35
done s55_dur/no_knowledge/run_5  best=163.34  OGR=0.1433  api=152
done s55_dur/rag_text/run_2  best=nan  OGR=nan  api=35
done s55_dur/rag_text/run_3  best=347.43  OGR=1.4318  api=52
done s55_dur/rag_tabular/run_4  best=224.23  OGR=0.5695  api=104
done s55_dur/rag_text/run_5  best=236.59  OGR=0.656  api=63
done s55_dur/rag_text/run_4  best=210.47  OGR=0.4732  api=70
done s55_nodur/rag_tabular/run_4  best=196.79  OGR=0.3508  api=336
done s55_dur/rag_text/run_1  best=199.4  OGR=0.3957  api=144
