batch: 25 runs -> [('baseline', 1), ('baseline', 2), ('baseline', 3), ('baseline', 4), ('baseline', 5), ('no_knowledge', 1), ('no_knowledge', 2), ('no_knowledge', 3), ('no_knowledge', 4), ('no_knowledge', 5), ('zero_shot', 1), ('zero_shot', 2), ('zero_shot', 3), ('zero_shot', 4), ('zero_shot', 5), ('no_rag', 1), ('no_rag', 2), ('no_rag', 3), ('no_rag', 4), ('no_rag', 5), ('rag_tabular', 1), ('rag_tabular', 2), ('rag_tabular', 3), ('rag_tabular', 4), ('rag_tabular', 5)]
done s50_dur/baseline/run_1  best=nan  OGR=nan  api=35
done s50_dur/baseline/run_2  best=173.5  OGR=0.2651  api=82
done s50_dur/baseline/run_3  best=nan  OGR=nan  api=35
done s50_dur/baseline/run_4  best=nan  OGR=nan  api=35
done s50_dur/baseline/run_5  best=nan  OGR=nan  api=35
done s50_dur/no_knowledge/run_1  best=165.34  OGR=0.2056  api=119
done s50_dur/no_knowledge/run_2  best=168.83  OGR=0.2311  api=49
done s50_dur/no_knowledge/run_3  best=169.03  OGR=0.2325  api=46
done s50_dur/no_knowledge/run_4  best=176.48  OGR=0.2869  api=71
done s50_dur/no_knowledge/run_5  best=165.13  OGR=0.2041  api=44
done s50_dur/zero_shot/run_1  best=nan  OGR=nan  api=35
done s50_dur/zero_shot/run_2  best=nan  OGR=nan  api=35
done s50_dur/zero_shot/run_3  best=nan  OGR=nan  api=35
done s50_dur/zero_shot/run_4  best=239.49  OGR=0.7463  api=68
done s50_dur/zero_shot/run_5  best=231.15  OGR=0.6855  api=64
done s50_dur/no_rag/run_1  best=nan  OGR=nan  api=35
done s50_dur/no_rag/run_2  best=nan  OGR=nan  api=35
done s50_dur/no_rag/run_3  best=169.5  OGR=0.236  api=47
done s50_dur/no_rag/run_4  best=188.85  OGR=0.3771  api=44
done s50_dur/no_rag/run_5  best=nan  OGR=nan  api=35
done s50_dur/rag_tabular/run_1  best=nan  OGR=nan  api=35
done s50_dur/rag_tabular/run_2  best=nan  OGR=nan  api=35
done s50_dur/rag_tabular/run_3  best=168.41  OGR=0.228  api=50
done s50_dur/rag_tabular/run_4  best=185.93  OGR=0.3558  api=60
done s50_dur/rag_tabular/run_5  best=171.64  OGR=0.2516  api=53
batch: 14 runs -> [('baseline', 6), ('baseline', 7), ('baseline', 8), ('baseline', 9), ('baseline', 10), ('zero_shot', 6), ('zero_shot', 7), ('zero_shot', 8), ('no_rag', 6), ('no_rag', 7), ('no_rag', 8), ('no_rag', 9), ('rag_tabular', 6), ('rag_tabular', 7)]
done s50_dur/baseline/run_6  best=179.98  OGR=0.3124  api=73
done s50_dur/baseline/run_7  best=nan  OGR=nan  api=35
done s50_dur/baseline/run_8  best=173.72  OGR=0.2667  api=51
done s50_dur/baseline/run_9  best=nan  OGR=nan  api=35
done s50_dur/baseline/run_10  best=nan  OGR=nan  api=35
done s50_dur/zero_shot/run_6  best=nan  OGR=nan  api=35
done s50_dur/zero_shot/run_7  best=194.83  OGR=0.4207  api=59
done s50_dur/zero_shot/run_8  best=259.37  OGR=0.8913  api=41
done s50_dur/no_rag/run_6  best=nan  OGR=nan  api=358
done s50_dur/no_rag/run_7  best=nan  OGR=nan  api=35
done s50_dur/no_rag/run_8  best=nan  OGR=nan  api=35
done s50_dur/no_rag/run_9  best=182.42  OGR=0.3302  api=70
done s50_dur/rag_tabular/run_6  best=nan  OGR=nan  api=35
done s50_dur/rag_tabular/run_7  best=166.6  OGR=0.2148  api=82
batch: 10 runs -> [('baseline', 11), ('baseline', 12), ('baseline', 13), ('baseline', 14), ('zero_shot', 9), ('zero_shot', 10), ('no_rag', 10), ('no_rag', 11), ('no_rag', 12), ('rag_tabular', 8)]
done s50_dur/baseline/run_11  best=nan  OGR=nan  api=35
done s50_dur/baseline/run_12  best=nan  OGR=nan  api=35
done s50_dur/baseline/run_13  best=168.85  OGR=0.2312  api=148
done s50_dur/baseline/run_14  best=nan  OGR=nan  api=35
done s50_dur/zero_shot/run_9  best=nan  OGR=nan  api=35
done s50_dur/zero_shot/run_10  best=nan  OGR=nan  api=35
done s50_dur/no_rag/run_10  best=nan  OGR=nan  api=35
done s50_dur/no_rag/run_11  best=nan  OGR=nan  api=35
done s50_dur/no_rag/run_12  best=nan  OGR=nan  api=35
done s50_dur/rag_tabular/run_8  best=172.47  OGR=0.2576  api=85
batch: 8 runs -> [('baseline', 15), ('baseline', 16), ('baseline', 17), ('zero_shot', 11), ('zero_shot', 12), ('no_rag', 13), ('no_rag', 14), ('no_rag', 15)]
done s50_dur/baseline/run_15  best=163.87  OGR=0.1949  api=75
done s50_dur/baseline/run_16  best=171.35  OGR=0.2495  api=48
done s50_dur/baseline/run_17  best=171.89  OGR=0.2534  api=57
done s50_dur/zero_shot/run_11  best=249.66  OGR=0.8205  api=66
done s50_dur/zero_shot/run_12  best=274.92  OGR=1.0047  api=64
